112101-aligned native MRR=0.21447 bytes=1280 sec=0.06
112101-aligned tucker MRR=0.24356 bytes=1264 sec=0.05
112101-aligned lowrank MRR=0.17304 bytes=1472 sec=0.06
112101-aligned mirror MRR=0.24356 bytes=1264 sec=0.05
112101-aligned independent MRR=0.18705 bytes=3400 sec=0.11
112101-independent native MRR=0.16358 bytes=1280 sec=0.06
112101-independent tucker MRR=0.16489 bytes=1264 sec=0.05
112101-independent lowrank MRR=0.15851 bytes=1472 sec=0.06
112101-independent mirror MRR=0.16489 bytes=1264 sec=0.06
112101-independent independent MRR=0.16817 bytes=3400 sec=0.06
112102-aligned native MRR=0.13010 bytes=1280 sec=0.05
112102-aligned tucker MRR=0.14051 bytes=1264 sec=0.06
112102-aligned lowrank MRR=0.13531 bytes=1472 sec=0.06
112102-aligned mirror MRR=0.14051 bytes=1264 sec=0.06
112102-aligned independent MRR=0.17230 bytes=3400 sec=0.05
112102-independent native MRR=0.16580 bytes=1280 sec=0.05
112102-independent tucker MRR=0.20044 bytes=1264 sec=0.06
112102-independent lowrank MRR=0.20628 bytes=1472 sec=0.06
112102-independent mirror MRR=0.20044 bytes=1264 sec=0.06
112102-independent independent MRR=0.17866 bytes=3400 sec=0.05
112103-aligned native MRR=0.23260 bytes=1280 sec=0.05
112103-aligned tucker MRR=0.26822 bytes=1264 sec=0.06
112103-aligned lowrank MRR=0.29498 bytes=1472 sec=0.06
112103-aligned mirror MRR=0.26822 bytes=1264 sec=0.06
112103-aligned independent MRR=0.18081 bytes=3400 sec=0.05
112103-independent native MRR=0.19192 bytes=1280 sec=0.05
112103-independent tucker MRR=0.16771 bytes=1264 sec=0.06
112103-independent lowrank MRR=0.18600 bytes=1472 sec=0.06
112103-independent mirror MRR=0.16771 bytes=1264 sec=0.05
112103-independent independent MRR=0.18001 bytes=3400 sec=0.05
