84111 aligned
native suff 1.057559145725001e-09 cos 1.0000000186264515 spec 1.0 nec 1.0 bytes 6224
mirror suff 0.00012455191441540503 cos 0.9999872408807278 spec 0.9961968325078487 nec 0.9973968826234341 bytes 1552
pca suff 0.00012455191441540503 cos 0.9999872408807278 spec 0.9961968325078487 nec 0.9973968826234341 bytes 1552
random suff 0.9711573235690594 cos 0.17867649369873106 spec 0.029402108310023323 nec 0.16095138061791658 bytes 1552
private suff 1.4577182999575555e-07 cos 0.9999999329447746 spec 0.9999557584524155 nec 0.9998971298336983 bytes 4080
84111 residual
native suff 5.608302699198001e-10 cos 1.0000000670552254 spec 1.0 nec 1.0 bytes 6224
mirror suff 0.7316218428313732 cos 0.5030563771724701 spec 0.267550116404891 nec 0.48592711985111237 bytes 1552
pca suff 0.7316218428313732 cos 0.5030563771724701 spec 0.267550116404891 nec 0.48592711985111237 bytes 1552
random suff 0.954162485897541 cos 0.21014363202266395 spec 0.060045559774152935 nec 0.23353063967078924 bytes 1552
private suff 5.607980968708529e-10 cos 1.0000000447034836 spec 1.0000000298023224 nec 1.0000000149011612 bytes 4080
private residuals 9 of 24
84112 aligned
native suff 1.4393228549660665e-10 cos 1.0 spec 0.9999999888241291 nec 1.0 bytes 6224
mirror suff 1.245540907079956e-07 cos 0.9999999217689037 spec 0.999968770891428 nec 0.9999070838093758 bytes 1552
pca suff 1.245540907079956e-07 cos 0.9999999217689037 spec 0.999968770891428 nec 0.9999070838093758 bytes 1552
random suff 0.9498707875609398 cos 0.223580117453821 spec 0.052867277641780674 nec 0.22486797720193863 bytes 1552
private suff 1.245540907079956e-07 cos 0.9999999217689037 spec 0.999968770891428 nec 0.9999070838093758 bytes 3816
84112 residual
native suff 8.987427666776356e-10 cos 1.000000037252903 spec 1.0 nec 1.0 bytes 6224
mirror suff 0.7289645820856094 cos 0.4951361306011677 spec 0.31900685955770314 nec 0.5058376081287861 bytes 1552
pca suff 0.7289645820856094 cos 0.4951361306011677 spec 0.31900685955770314 nec 0.5058376081287861 bytes 1552
random suff 0.9525043219327927 cos 0.20249756216071546 spec 0.043592701433226466 nec 0.2071105819195509 bytes 1552
private suff 8.987833197962244e-10 cos 1.0000000521540642 spec 1.0000000149011612 nec 0.9999999925494194 bytes 3816
private residuals 8 of 24
84113 aligned
native suff 4.705143035713295e-10 cos 1.0000000149011612 spec 1.0 nec 1.0 bytes 6224
mirror suff 0.0016837023862946998 cos 0.9999551475048065 spec 0.9906267784535885 nec 0.9899068288505077 bytes 1552
pca suff 0.0016837023862946998 cos 0.9999551475048065 spec 0.9906267784535885 nec 0.9899068288505077 bytes 1552
random suff 0.9823191165924072 cos 0.12343447539024055 spec 0.030262372092693113 nec 0.16936742328107357 bytes 1552
private suff 6.643177058451855e-08 cos 1.0000000149011612 spec 0.9999752007424831 nec 0.9999327026307583 bytes 4080
84113 residual
native suff 5.640948705322099e-11 cos 1.000000037252903 spec 1.0 nec 1.0 bytes 6224
mirror suff 0.6754607819020748 cos 0.5659627690911293 spec 0.3036421090364456 nec 0.49817119538784027 bytes 1552
pca suff 0.6754607819020748 cos 0.5659627690911293 spec 0.3036421090364456 nec 0.49817119538784027 bytes 1552
random suff 0.9651618525385857 cos 0.18894661776721478 spec 0.047414689674042165 nec 0.2062386879697442 bytes 1552
private suff 5.639640913556593e-11 cos 1.0 spec 1.0000000149011612 nec 1.0000000149011612 bytes 4080
private residuals 9 of 24
