76711 easy
mirror acc 0.7301025390625 bytes 808
full_rule_bank acc 0.7296142578125 bytes 2128
frozen_shared acc 0.735595703125 bytes 
full_overwrite_final acc 0.735595703125 bytes 112
76711 hard
mirror acc 0.681396484375 bytes 808
full_rule_bank acc 0.69482421875 bytes 2128
frozen_shared acc 0.685791015625 bytes 
full_overwrite_final acc 0.685791015625 bytes 112
76712 easy
mirror acc 0.8099365234375 bytes 808
full_rule_bank acc 0.8099365234375 bytes 2128
frozen_shared acc 0.80804443359375 bytes 
full_overwrite_final acc 0.80804443359375 bytes 112
76712 hard
mirror acc 0.76092529296875 bytes 808
full_rule_bank acc 0.76092529296875 bytes 2128
frozen_shared acc 0.76202392578125 bytes 
full_overwrite_final acc 0.76202392578125 bytes 112
76713 easy
mirror acc 0.72930908203125 bytes 808
full_rule_bank acc 0.72930908203125 bytes 2128
frozen_shared acc 0.7236328125 bytes 
full_overwrite_final acc 0.7236328125 bytes 112
76713 hard
mirror acc 0.6695556640625 bytes 808
full_rule_bank acc 0.6708984375 bytes 2128
frozen_shared acc 0.6612548828125 bytes 
full_overwrite_final acc 0.6612548828125 bytes 112
